// Jest Snapshot v1, https://goo.gl/fbAQLP

exports[`FrontPage matches the snapshot 1`] = `
<div>
  <FrontPage__HeroImg />
  <FrontPage__StyledHeader>
    <img
      alt="logo"
      height="150"
      src="./assets/images/logo-sheet.svg"
    />
    Quickly share a spreadsheet, then make it go away.
  </FrontPage__StyledHeader>
  <ScrollDownIcon />
</div>
`;
