// Jest Snapshot v1, https://goo.gl/fbAQLP

exports[`FrontPage matches the snapshot 1`] = `
.c0 {
  padding-top: 20rem;
}

<defaultStyle
  className="c0"
>
  Front Page
  <Link
    replace={false}
    to="/upload"
  >
    upload
  </Link>
  <Link
    replace={false}
    to="/view"
  >
    view
  </Link>
</defaultStyle>
`;
