// Jest Snapshot v1, https://goo.gl/fbAQLP

exports[`RecentlyViewed StyledCard matches the snapshot 1`] = `
.c0 {
  background-color: white;
  color: #404040;
  font-family: 'Quicksand',sans-serif;
  font-size: 0.9em;
  border-radius: 8px;
  box-shadow: 0px 0px 30px -5px rgba(0,0,0,0.15);
  padding-left: 0px;
  padding-right: 0px;
  padding-top: 0;
  overflow: hidden;
  width: 90%;
  max-width: 600px;
}

.c0 input {
  outline: none;
  color: #404040;
  font-family: 'Quicksand',sans-serif;
  background-color: #F1F3F4;
  border: 1px solid #F1F3F4;
  border-radius: 5rem;
  -webkit-transition: all 0.3s;
  transition: all 0.3s;
}

.c0 input::-webkit-input-placeholder {
  font-size: 1rem;
  font-weight: 400;
  font-style: italic;
  font-family: 'Quicksand',sans-serif;
  color: #848484;
}

.c0 input::-moz-placeholder {
  font-size: 1rem;
  font-weight: 400;
  font-style: italic;
  font-family: 'Quicksand',sans-serif;
  color: #848484;
}

.c0 input:-ms-input-placeholder {
  font-size: 1rem;
  font-weight: 400;
  font-style: italic;
  font-family: 'Quicksand',sans-serif;
  color: #848484;
}

.c0 input::placeholder {
  font-size: 1rem;
  font-weight: 400;
  font-style: italic;
  font-family: 'Quicksand',sans-serif;
  color: #848484;
}

.c0 input:hover {
  border: solid 1px #d9d9d9;
}

.c0 input:focus,
.c0 input:active {
  border: solid 1px #46C8F5;
}

.c0 input.true {
  border: 1px solid #ED5050;
}

.c0 header {
  background: linear-gradient(160deg,#57DACB 0%,#55A2ED 100%);
  padding-top: 1rem;
  padding-bottom: 1rem;
  width: 100%;
}

.c0 h2 {
  font-weight: 400;
  text-align: center;
  color: white;
  font-size: 1.1rem;
}

.c0 .no-items {
  font-style: italic;
  padding-top: 3rem;
  padding-bottom: 3rem;
  text-align: center;
  font-size: 0.9rem;
  color: #404040;
}

.c0 a {
  -webkit-text-decoration: none;
  text-decoration: none;
  color: #404040;
}

.c0 li {
  font-size: 0.9rem;
  color: #404040;
  padding-left: 1.5rem;
  padding-top: 1rem;
  padding-bottom: 1rem;
  margin: 1rem;
  border-radius: 8px;
  border: 1px solid #d9d9d9;
  text-align: center;
  -webkit-transition: all 0.25s;
  transition: all 0.25s;
}

.c0 li:hover {
  border: 1px solid #68F6BA;
  background-color: #fafafa;
}

<div
  className="c0"
/>
`;

exports[`RecentlyViewed matches the snapshot 1`] = `
<StyledComponent
  forwardedComponent={
    Object {
      "$$typeof": Symbol(react.forward_ref),
      "attrs": Array [],
      "componentStyle": ComponentStyle {
        "componentId": "RecentlyViewed__StyledCard-o9muk8-0",
        "isStatic": false,
        "rules": Array [
          "background-color:white;color:",
          [Function],
          ";font-family:",
          [Function],
          ";font-size:0.9em;",
          "border-radius:8px;box-shadow:",
          [Function],
          ";input{outline:none;color:",
          [Function],
          ";font-family:",
          [Function],
          ";background-color:",
          [Function],
          ";border:1px solid ",
          [Function],
          ";border-radius:5rem;transition:all 0.3s;::placeholder{font-size:1rem;font-weight:400;font-style:italic;font-family:",
          [Function],
          ";color:",
          [Function],
          ";}&:hover{border:solid 1px ",
          [Function],
          ";}&:focus,&:active{border:solid 1px ",
          [Function],
          ";}&.true{border:1px solid ",
          [Function],
          ";}}",
          "padding-left:0px;padding-right:0px;padding-top:0;overflow:hidden;width:90%;max-width:600px;header{background:",
          [Function],
          ";padding-top:1rem;padding-bottom:1rem;width:100%;}h2{font-weight:400;text-align:center;color:white;font-size:1.1rem;}.no-items{font-style:italic;padding-top:3rem;padding-bottom:3rem;text-align:center;font-size:0.9rem;color:",
          [Function],
          ";}a{text-decoration:none;color:",
          [Function],
          ";}li{font-size:0.9rem;color:",
          [Function],
          ";padding-left:1.5rem;padding-top:1rem;padding-bottom:1rem;margin:1rem;border-radius:8px;border:1px solid ",
          [Function],
          ";text-align:center;transition:all 0.25s;}li:hover{border:1px solid ",
          [Function],
          ";background-color:",
          [Function],
          ";}",
        ],
      },
      "displayName": "RecentlyViewed__StyledCard",
      "foldedComponentIds": Array [
        "defaultStyle-g21vfe-0",
        "defaultStyle__Card-g21vfe-1",
      ],
      "render": [Function],
      "styledComponentId": "RecentlyViewed__StyledCard-o9muk8-0",
      "target": "div",
      "toString": [Function],
      "usesTheme": true,
      "warnTooManyClasses": [Function],
      "withComponent": [Function],
    }
  }
  forwardedRef={null}
>
  <header>
    <h2>
      Recently Viewed Sheets
    </h2>
  </header>
  <p
    className="no-items"
  >
    No recently viewed items
  </p>
</StyledComponent>
`;
