// Jest Snapshot v1, https://goo.gl/fbAQLP

exports[`<HeadlessTable /> matches the snapshot 1`] = `
<HeadlessTable__Styledtable>
  <AutoSizer
    disableHeight={true}
    disableWidth={false}
    onResize={[Function]}
    style={Object {}}
  >
    <Component />
  </AutoSizer>
</HeadlessTable__Styledtable>
`;
