// Jest Snapshot v1, https://goo.gl/fbAQLP

exports[`<SwiftTable /> matches the snapshot 1`] = `
<SwiftTable__Styledtable>
  <AutoSizer
    disableHeight={true}
    disableWidth={false}
    onResize={[Function]}
    style={Object {}}
  >
    <Component />
  </AutoSizer>
</SwiftTable__Styledtable>
`;
