// Jest Snapshot v1, https://goo.gl/fbAQLP

exports[`<HeadlessTable /> matches the snapshot 1`] = `
.c0 {
  height: 90%;
  min-height: 200px;
  border: 1px solid #d9d9d9;
  font-family: 'Quicksand',sans-serif;
  font-size: 14px;
  -webkit-letter-spacing: 1px;
  -moz-letter-spacing: 1px;
  -ms-letter-spacing: 1px;
  letter-spacing: 1px;
  border-radius: 2px;
  overflow: hidden;
  background-color: white;
  width: 80%;
  max-width: 1350px;
  margin: auto;
  margin-top: 20px;
}

.c0 .ag-header-cell-text {
  font-family: 'Quicksand',sans-serif;
  font-size: 14px;
}

.c0 .ag-row-even {
  background-color: #fafafa;
}

.c0 .ag-row-hover {
  background-color: #97E4FF;
}

.c0 .ag-header {
  background-color: #404040;
  color: white;
}

.c0 .ag-header .ag-column-hover {
  background-color: #fafafa;
  color: #404040;
  border-bottom: 5px solid #46C8F5;
}

.c0 .ag-icon-desc,
.c0 .ag-icon-asc {
  background-color: #46C8F5;
  border-radius: 10px;
  position: relative;
  top: 5px;
  padding: 2px;
}

.c0 .ag-icon-filter {
  background-color: #46C8F5;
  border-radius: 4px;
  position: relative;
  top: 5px;
  padding: 5px;
}

<ThemeProvider
  theme={
    Object {
      "boxShadow": "0px 5px 40px -5px rgba(0,0,0,0.3)",
      "boxShadowDark": "0px 5px 40px -2px rgba(0,0,0,0.5)",
      "boxShadowLight": "0px 5px 40px -5px rgba(0,0,0,0.15)",
      "color": Object {
        "background": "#fafafa",
        "backgroundDark": "#EAEAEA",
        "backgroundDarkest": "#BCBCBC",
        "blue": "#46C8F5",
        "border": "#d9d9d9",
        "darkBlue": "#2E8AA8",
        "green": "#D8E13F",
        "input": "#F1F3F4",
        "lightBlue": "#97E4FF",
        "lightRed": "#FF8D8D",
        "lightText": "#848484",
        "red": "#ED5050",
        "text": "#404040",
        "vividGreen": "#E3FC52",
      },
      "font": Object {
        "header": "'Poiret One', cursive",
        "main": "'Quicksand', sans-serif",
      },
      "gradient": Object {
        "blue": "linear-gradient(to bottom, #D8E13F 0%, #BFC644 100%)",
        "greenBlue": " linear-gradient(160deg, #57DACB 0%, #55A2ED 100%)",
        "light": "linear-gradient(to bottom, #ffffff 0%, #f6f6f6 47%, #ededed 100%)",
        "lightRed": "linear-gradient(to bottom, #f39191 0%, #ef6262 100%)",
        "red": "linear-gradient(to bottom, #f07878 0%, #ED5050 100%)",
      },
    }
  }
>
  <HeadlessTable
    data={
      Array [
        Object {
          "Address": "120 jefferson st.",
          "City": "Riverside",
          "First Name": "John",
          "Last Name": "Doe",
          "State": " NJ",
          "Zip": "8075",
        },
        Object {
          "Address": "220 hobo Av.",
          "City": "Phila",
          "First Name": "Jack",
          "Last Name": "McGinnis",
          "State": " PA",
          "Zip": "9119",
        },
        Object {
          "Address": "120 Jefferson St.",
          "City": "Riverside",
          "First Name": "John \\"Da Man\\"",
          "Last Name": "Repici",
          "State": " NJ",
          "Zip": "8075",
        },
        Object {
          "Address": "7452 Terrace \\"At the Plaza\\" road",
          "City": "SomeTown",
          "First Name": "Stephen",
          "Last Name": "Tyler",
          "State": "SD",
          "Zip": "91234",
        },
        Object {
          "Address": "",
          "City": "SomeTown",
          "First Name": "",
          "Last Name": "Blankman",
          "State": " SD",
          "Zip": "298",
        },
        Object {
          "Address": "9th, at Terrace plc",
          "City": "Desert City",
          "First Name": "Joan \\"the bone\\", Anne",
          "Last Name": "Jet",
          "State": "CO",
          "Zip": "123",
        },
      ]
    }
  >
    <Table__Styledtable
      className="ag-theme-material"
    >
      <div
        className="ag-theme-material c0"
      >
        <AgGridReact
          columnDefs={
            Array [
              Object {
                "field": "First Name",
                "headerName": "First Name",
              },
              Object {
                "field": "Last Name",
                "headerName": "Last Name",
              },
              Object {
                "field": "Address",
                "headerName": "Address",
              },
              Object {
                "field": "City",
                "headerName": "City",
              },
              Object {
                "field": "State",
                "headerName": "State",
              },
              Object {
                "field": "Zip",
                "headerName": "Zip",
              },
            ]
          }
          defaultColDef={
            Object {
              "columnDrag": true,
              "filter": true,
              "resizable": true,
              "sortable": true,
              "width": 225,
            }
          }
          rowData={
            Array [
              Object {
                "Address": "120 jefferson st.",
                "City": "Riverside",
                "First Name": "John",
                "Last Name": "Doe",
                "State": " NJ",
                "Zip": "8075",
              },
              Object {
                "Address": "220 hobo Av.",
                "City": "Phila",
                "First Name": "Jack",
                "Last Name": "McGinnis",
                "State": " PA",
                "Zip": "9119",
              },
              Object {
                "Address": "120 Jefferson St.",
                "City": "Riverside",
                "First Name": "John \\"Da Man\\"",
                "Last Name": "Repici",
                "State": " NJ",
                "Zip": "8075",
              },
              Object {
                "Address": "7452 Terrace \\"At the Plaza\\" road",
                "City": "SomeTown",
                "First Name": "Stephen",
                "Last Name": "Tyler",
                "State": "SD",
                "Zip": "91234",
              },
              Object {
                "Address": "",
                "City": "SomeTown",
                "First Name": "",
                "Last Name": "Blankman",
                "State": " SD",
                "Zip": "298",
              },
              Object {
                "Address": "9th, at Terrace plc",
                "City": "Desert City",
                "First Name": "Joan \\"the bone\\", Anne",
                "Last Name": "Jet",
                "State": "CO",
                "Zip": "123",
              },
            ]
          }
        >
          <div
            style={
              Object {
                "height": "100%",
              }
            }
          />
        </AgGridReact>
      </div>
    </Table__Styledtable>
  </HeadlessTable>
</ThemeProvider>
`;
