// Jest Snapshot v1, https://goo.gl/fbAQLP

exports[`<HeadlessTable /> matches the snapshot 1`] = `
<Table__Styledtable
  className="ag-theme-material"
>
  <AgGridReact
    columnDefs={
      Array [
        Object {
          "field": "First Name",
          "headerName": "First Name",
        },
        Object {
          "field": "Last Name",
          "headerName": "Last Name",
        },
        Object {
          "field": "Address",
          "headerName": "Address",
        },
        Object {
          "field": "City",
          "headerName": "City",
        },
        Object {
          "field": "State",
          "headerName": "State",
        },
        Object {
          "field": "Zip",
          "headerName": "Zip",
        },
      ]
    }
    defaultColDef={
      Object {
        "columnDrag": true,
        "filter": true,
        "resizable": true,
        "sortable": true,
        "width": 225,
      }
    }
    rowData={
      Array [
        Object {
          "Address": "120 jefferson st.",
          "City": "Riverside",
          "First Name": "John",
          "Last Name": "Doe",
          "State": " NJ",
          "Zip": "8075",
        },
        Object {
          "Address": "220 hobo Av.",
          "City": "Phila",
          "First Name": "Jack",
          "Last Name": "McGinnis",
          "State": " PA",
          "Zip": "9119",
        },
        Object {
          "Address": "120 Jefferson St.",
          "City": "Riverside",
          "First Name": "John \\"Da Man\\"",
          "Last Name": "Repici",
          "State": " NJ",
          "Zip": "8075",
        },
        Object {
          "Address": "7452 Terrace \\"At the Plaza\\" road",
          "City": "SomeTown",
          "First Name": "Stephen",
          "Last Name": "Tyler",
          "State": "SD",
          "Zip": "91234",
        },
        Object {
          "Address": "",
          "City": "SomeTown",
          "First Name": "",
          "Last Name": "Blankman",
          "State": " SD",
          "Zip": "298",
        },
        Object {
          "Address": "9th, at Terrace plc",
          "City": "Desert City",
          "First Name": "Joan \\"the bone\\", Anne",
          "Last Name": "Jet",
          "State": "CO",
          "Zip": "123",
        },
      ]
    }
  />
</Table__Styledtable>
`;
