// Jest Snapshot v1, https://goo.gl/fbAQLP

exports[`App matches the snapshot 1`] = `
<BrowserRouter>
  <withRouter(ScrollToTop)>
    <Header />
    <Switch>
      <Route
        component={[Function]}
        exact={true}
        path="/"
      />
      <Route
        component={[Function]}
        path="/upload"
      />
      <Route
        component={[Function]}
        path="/view"
      />
    </Switch>
    <Footer />
  </withRouter(ScrollToTop)>
</BrowserRouter>
`;
