// Jest Snapshot v1, https://goo.gl/fbAQLP

exports[`Footer matches the snapshot 1`] = `
.c0 {
  background-color: white;
  color: #404040;
  font-family: 'Quicksand',sans-serif;
  font-size: 0.9em;
  padding: 1rem;
  text-align: center;
  width: 100%;
}

.c0 a {
  color: #404040;
}

<div
  className="c0"
>
  Created by 
  <a
    href="https://www.alekshnayder.com/"
    rel="noopener"
    target="_blank"
  >
    Alek Shnayder
  </a>
</div>
`;
