// Jest Snapshot v1, https://goo.gl/fbAQLP

exports[`Filedrop matches the snapshot 1`] = `
<Filedrop>
  <Filedrop__StyledSection>
    <section
      className="Filedrop__StyledSection-sc-1u7cgvl-0 byCkGb"
    >
      <Dropzone
        accept=".csv"
        maxSize={2500000}
        minSize={8}
        multiple={false}
        onDragEnter={[Function]}
        onDragLeave={[Function]}
        onDropRejected={[Function]}
      >
        <Filedrop__StyledDropzone
          dragging={false}
        >
          <div
            className="Filedrop__StyledDropzone-sc-1u7cgvl-1 ksxVYs"
          >
            <div
              onBlur={[Function]}
              onClick={[Function]}
              onDragEnter={[Function]}
              onDragLeave={[Function]}
              onDragOver={[Function]}
              onDrop={[Function]}
              onFocus={[Function]}
              onKeyDown={[Function]}
              tabIndex={0}
            >
              <input
                accept=".csv"
                autoComplete="off"
                multiple={false}
                onChange={[Function]}
                onClick={[Function]}
                style={
                  Object {
                    "display": "none",
                  }
                }
                tabIndex={-1}
                type="file"
              />
              <img
                alt="upload-cloud-logo"
                src="./assets/images/upload-cloud-light.svg"
              />
              <Filedrop__StyledText>
                <defaultStyle
                  className="Filedrop__StyledText-sc-1u7cgvl-2 cGKzbb"
                >
                  <div
                    className="Filedrop__StyledText-sc-1u7cgvl-2 cGKzbb defaultStyle-g21vfe-0 eXjdxI"
                  >
                    Drag
                     CSV file here
                  </div>
                </defaultStyle>
              </Filedrop__StyledText>
            </div>
          </div>
        </Filedrop__StyledDropzone>
      </Dropzone>
      <Filedrop__UploadError>
        <defaultStyle__ErrorDialog
          className="Filedrop__UploadError-sc-1u7cgvl-5 cqFOMx"
        >
          <div
            className="Filedrop__UploadError-sc-1u7cgvl-5 cqFOMx defaultStyle__ErrorDialog-g21vfe-2 dCQtTE"
          />
        </defaultStyle__ErrorDialog>
      </Filedrop__UploadError>
      <Filedrop__Options
        aria-label="preferences"
        role="form"
      >
        <defaultStyle__Card
          aria-label="preferences"
          className="Filedrop__Options-sc-1u7cgvl-3 hnFPAY"
          role="form"
        >
          <defaultStyle
            aria-label="preferences"
            className="Filedrop__Options-sc-1u7cgvl-3 hnFPAY defaultStyle__Card-g21vfe-1 dEKjCV"
            role="form"
          >
            <div
              aria-label="preferences"
              className="Filedrop__Options-sc-1u7cgvl-3 hnFPAY defaultStyle__Card-g21vfe-1 dEKjCV defaultStyle-g21vfe-0 eXjdxI"
              role="form"
            >
              <section
                aria-label="set password"
              >
                Password:
                <input
                  autoComplete="new-password"
                  onChange={[Function]}
                  placeholder="enter password"
                  type="password"
                />
              </section>
              <section
                aria-label="set expiration"
              >
                Expires In:
                <select
                  onChange={[Function]}
                >
                  <option
                    value={1}
                  >
                    1 Hour
                  </option>
                  <option
                    value={4}
                  >
                    4 Hours
                  </option>
                  <option
                    value={8}
                  >
                    8 Hours
                  </option>
                  <option
                    value={24}
                  >
                    1 Day
                  </option>
                  <option
                    value={72}
                  >
                    3 Days
                  </option>
                  <option
                    value={120}
                  >
                    5 Days
                  </option>
                </select>
              </section>
              <section
                aria-label="toggle first row header"
              >
                <Filedrop__HeaderToggle>
                  <label
                    className="Filedrop__HeaderToggle-sc-1u7cgvl-4 exTaKQ"
                  >
                    <span>
                      First Row Header:
                    </span>
                    <button
                      onClick={[Function]}
                    >
                      No
                    </button>
                  </label>
                </Filedrop__HeaderToggle>
              </section>
            </div>
          </defaultStyle>
        </defaultStyle__Card>
      </Filedrop__Options>
      <Filedrop__UploadError>
        <defaultStyle__ErrorDialog
          className="Filedrop__UploadError-sc-1u7cgvl-5 cqFOMx"
        >
          <div
            className="Filedrop__UploadError-sc-1u7cgvl-5 cqFOMx defaultStyle__ErrorDialog-g21vfe-2 dCQtTE"
          >
            ⚠️ Check Password Length
          </div>
        </defaultStyle__ErrorDialog>
      </Filedrop__UploadError>
    </section>
  </Filedrop__StyledSection>
</Filedrop>
`;

exports[`Filedrop matches the snapshot 2`] = `
<Filedrop>
  <Filedrop__StyledSection>
    <section
      className="Filedrop__StyledSection-sc-1u7cgvl-0 byCkGb"
    >
      <Dropzone
        accept=".csv"
        maxSize={2500000}
        minSize={8}
        multiple={false}
        onDragEnter={[Function]}
        onDragLeave={[Function]}
        onDropRejected={[Function]}
      >
        <Filedrop__StyledDropzone
          dragging={false}
        >
          <div
            className="Filedrop__StyledDropzone-sc-1u7cgvl-1 ksxVYs"
          >
            <div
              onBlur={[Function]}
              onClick={[Function]}
              onDragEnter={[Function]}
              onDragLeave={[Function]}
              onDragOver={[Function]}
              onDrop={[Function]}
              onFocus={[Function]}
              onKeyDown={[Function]}
              tabIndex={0}
            >
              <input
                accept=".csv"
                autoComplete="off"
                multiple={false}
                onChange={[Function]}
                onClick={[Function]}
                style={
                  Object {
                    "display": "none",
                  }
                }
                tabIndex={-1}
                type="file"
              />
              <img
                alt="upload-cloud-logo"
                src="./assets/images/upload-cloud-light.svg"
              />
              <Filedrop__StyledText>
                <defaultStyle
                  className="Filedrop__StyledText-sc-1u7cgvl-2 cGKzbb"
                >
                  <div
                    className="Filedrop__StyledText-sc-1u7cgvl-2 cGKzbb defaultStyle-g21vfe-0 eXjdxI"
                  >
                    Drag
                     CSV file here
                  </div>
                </defaultStyle>
              </Filedrop__StyledText>
            </div>
          </div>
        </Filedrop__StyledDropzone>
      </Dropzone>
      <Filedrop__UploadError>
        <defaultStyle__ErrorDialog
          className="Filedrop__UploadError-sc-1u7cgvl-5 cqFOMx"
        >
          <div
            className="Filedrop__UploadError-sc-1u7cgvl-5 cqFOMx defaultStyle__ErrorDialog-g21vfe-2 dCQtTE"
          />
        </defaultStyle__ErrorDialog>
      </Filedrop__UploadError>
      <Filedrop__Options
        aria-label="preferences"
        role="form"
      >
        <defaultStyle__Card
          aria-label="preferences"
          className="Filedrop__Options-sc-1u7cgvl-3 hnFPAY"
          role="form"
        >
          <defaultStyle
            aria-label="preferences"
            className="Filedrop__Options-sc-1u7cgvl-3 hnFPAY defaultStyle__Card-g21vfe-1 dEKjCV"
            role="form"
          >
            <div
              aria-label="preferences"
              className="Filedrop__Options-sc-1u7cgvl-3 hnFPAY defaultStyle__Card-g21vfe-1 dEKjCV defaultStyle-g21vfe-0 eXjdxI"
              role="form"
            >
              <section
                aria-label="set password"
              >
                Password:
                <input
                  autoComplete="new-password"
                  onChange={[Function]}
                  placeholder="enter password"
                  type="password"
                />
              </section>
              <section
                aria-label="set expiration"
              >
                Expires In:
                <select
                  onChange={[Function]}
                >
                  <option
                    value={1}
                  >
                    1 Hour
                  </option>
                  <option
                    value={4}
                  >
                    4 Hours
                  </option>
                  <option
                    value={8}
                  >
                    8 Hours
                  </option>
                  <option
                    value={24}
                  >
                    1 Day
                  </option>
                  <option
                    value={72}
                  >
                    3 Days
                  </option>
                  <option
                    value={120}
                  >
                    5 Days
                  </option>
                </select>
              </section>
              <section
                aria-label="toggle first row header"
              >
                <Filedrop__HeaderToggle>
                  <label
                    className="Filedrop__HeaderToggle-sc-1u7cgvl-4 exTaKQ"
                  >
                    <span>
                      First Row Header:
                    </span>
                    <button
                      onClick={[Function]}
                    >
                      No
                    </button>
                  </label>
                </Filedrop__HeaderToggle>
              </section>
            </div>
          </defaultStyle>
        </defaultStyle__Card>
      </Filedrop__Options>
      <Filedrop__UploadError>
        <defaultStyle__ErrorDialog
          className="Filedrop__UploadError-sc-1u7cgvl-5 cqFOMx"
        >
          <div
            className="Filedrop__UploadError-sc-1u7cgvl-5 cqFOMx defaultStyle__ErrorDialog-g21vfe-2 dCQtTE"
          >
            ⚠️ Check Password Length
          </div>
        </defaultStyle__ErrorDialog>
      </Filedrop__UploadError>
    </section>
  </Filedrop__StyledSection>
</Filedrop>
`;
