// Jest Snapshot v1, https://goo.gl/fbAQLP

exports[`Filedrop matches the snapshot 1`] = `
<Filedrop__StyledSection>
  <Filedrop__StyledDropzone
    accept=".csv"
    maxSize={2500000}
    minSize={8}
    multiple={false}
    onDragEnter={[Function]}
    onDragLeave={[Function]}
    onDropRejected={[Function]}
  >
    <img
      alt="upload-cloud-logo"
      src="./assets/images/upload-cloud-light.svg"
    />
    <Filedrop__StyledText
      dragging={false}
    >
      Drag
       CSV file here
    </Filedrop__StyledText>
  </Filedrop__StyledDropzone>
  <Filedrop__UploadError />
  <Filedrop__Options
    aria-label="preferences"
    role="form"
  >
    <section
      aria-label="set password"
    >
      Password:
      <input
        autoComplete="new-password"
        onChange={[Function]}
        placeholder="enter password"
        type="password"
      />
    </section>
    <section
      aria-label="set expiration"
    >
      Expires In:
      <select
        onChange={[Function]}
      >
        <option
          value={1}
        >
          1 Hour
        </option>
        <option
          value={4}
        >
          4 Hours
        </option>
        <option
          value={8}
        >
          8 Hours
        </option>
        <option
          value={24}
        >
          1 Day
        </option>
        <option
          value={72}
        >
          3 Days
        </option>
        <option
          value={120}
        >
          5 Days
        </option>
      </select>
    </section>
    <section
      aria-label="toggle first row header"
    >
      <Filedrop__HeaderToggle>
        <span>
          First Row Header:
        </span>
        <button
          onClick={[Function]}
        >
          No
        </button>
      </Filedrop__HeaderToggle>
    </section>
  </Filedrop__Options>
  <Filedrop__UploadError>
    ⚠️ Check Password Length
  </Filedrop__UploadError>
</Filedrop__StyledSection>
`;
