// Jest Snapshot v1, https://goo.gl/fbAQLP

exports[`GQLExample matches the snapshot 1`] = `
<defaultStyle__ApiCard>
  <p>
    <span
      className="pill"
    >
      GraphQL API:
    </span>
    <a
      href="mockHost.com/graphql"
      target="_blank"
    >
      mockHost.com
      /graphql
    </a>
  </p>
  <p
    className="query_title"
  >
     
    <span
      className="pill-secondary"
    >
      Body:
    </span>
    <span
      className="gql_query"
    >
      {
      sheet( _id: "
      42
      " )
      {
      sheetData
      }
      }
    </span>
  </p>
</defaultStyle__ApiCard>
`;
