// Jest Snapshot v1, https://goo.gl/fbAQLP

exports[`Footer matches the snapshot 1`] = `
<Footer__Styledfooter>
  <div>
    Created with 🍷 by
     
    <a
      href="https://www.alekshnayder.com/"
      rel="noopener"
      target="_blank"
    >
      Alek Shnayder
    </a>
  </div>
  <Footer__Spacer>
    |
  </Footer__Spacer>
  <div>
    <Footer__IconLink
      href="mailto:swiftsheetapp@example.com?Subject=Hello"
      rel="noopener"
      style={
        Object {
          "marginRight": "1rem",
        }
      }
      target="_top"
    >
      <img
        alt="logo"
        height="22"
        src="./assets/images/mail.svg"
      />
    </Footer__IconLink>
    <Footer__IconLink
      href="https://twitter.com/SwiftSheetApp"
      rel="noopener"
      target="_blank"
    >
      <img
        alt="logo"
        height="25"
        src="./assets/images/twitter.svg"
      />
    </Footer__IconLink>
  </div>
  <Footer__Spacer>
    |
  </Footer__Spacer>
  <div>
    <Link
      to="/privacy"
    >
      Privacy Policy
    </Link>
  </div>
  <Footer__Spacer>
    |
  </Footer__Spacer>
  <div>
    <Link
      to="/terms"
    >
      Terms of Service
    </Link>
  </div>
</Footer__Styledfooter>
`;

exports[`Styledfooter matches the snapshot 1`] = `
<div
  className="defaultStyle-g21vfe-0 Footer__Styledfooter-d380t0-0 iplvdh"
/>
`;
