// Jest Snapshot v1, https://goo.gl/fbAQLP

exports[`Footer matches the snapshot 1`] = `
.c0 {
  box-sizing: border-box;
  padding: 1rem;
  padding-top: 1.25rem;
  text-align: center;
  width: 100%;
}

.c0 a {
  color: #404040;
}

<defaultStyle
  className="c0"
>
  Created with 🍷 by
   
  <a
    href="https://www.alekshnayder.com/"
    rel="noopener"
    target="_blank"
  >
    Alek Shnayder
  </a>
</defaultStyle>
`;
