// Jest Snapshot v1, https://goo.gl/fbAQLP

exports[`ViewPage StyledDiv matches the snapshot 1`] = `
.c0 {
  background-color: white;
  color: #404040;
  font-family: 'Quicksand',sans-serif;
  font-size: 0.9em;
  padding-top: 6rem;
  background-color: #fafafa;
  height: calc(100vh - 80px);
  display: -webkit-box;
  display: -webkit-flex;
  display: -ms-flexbox;
  display: flex;
  -webkit-flex-direction: column;
  -ms-flex-direction: column;
  flex-direction: column;
  -webkit-box-pack: center;
  -webkit-justify-content: center;
  -ms-flex-pack: center;
  justify-content: center;
  -webkit-align-items: center;
  -webkit-box-align: center;
  -ms-flex-align: center;
  align-items: center;
}

<div
  className="c0"
/>
`;

exports[`ViewPage matches the snapshot 1`] = `
<StyledComponent
  forwardedComponent={
    Object {
      "$$typeof": Symbol(react.forward_ref),
      "attrs": Array [],
      "componentStyle": ComponentStyle {
        "componentId": "ViewPage__StyledDiv-wujrxm-0",
        "isStatic": false,
        "rules": Array [
          "background-color:white;color:",
          [Function],
          ";font-family:",
          [Function],
          ";font-size:0.9em;",
          "padding-top:6rem;background-color:",
          [Function],
          ";height:calc(100vh - 80px);display:flex;flex-direction:column;justify-content:center;align-items:center;",
        ],
      },
      "displayName": "ViewPage__StyledDiv",
      "foldedComponentIds": Array [
        "defaultStyle-g21vfe-0",
      ],
      "render": [Function],
      "styledComponentId": "ViewPage__StyledDiv-wujrxm-0",
      "target": "div",
      "toString": [Function],
      "usesTheme": true,
      "warnTooManyClasses": [Function],
      "withComponent": [Function],
    }
  }
  forwardedRef={null}
>
  <SearchSheet />
  <RecentlyViewed />
</StyledComponent>
`;
