// Jest Snapshot v1, https://goo.gl/fbAQLP

exports[`PasswordPrompt StyledDiv matches the snapshot 1`] = `
.c0 {
  background-color: white;
  color: #404040;
  font-family: 'Quicksand',sans-serif;
  font-size: 0.9em;
  padding-top: 6rem;
  background-color: #fafafa;
  height: calc(100vh - 80px);
  display: -webkit-box;
  display: -webkit-flex;
  display: -ms-flexbox;
  display: flex;
  -webkit-flex-direction: column;
  -ms-flex-direction: column;
  flex-direction: column;
  -webkit-box-pack: center;
  -webkit-justify-content: center;
  -ms-flex-pack: center;
  justify-content: center;
  -webkit-align-items: center;
  -webkit-box-align: center;
  -ms-flex-align: center;
  align-items: center;
}

<div
  className="defaultStyle-g21vfe-0 c0"
/>
`;

exports[`PasswordPrompt matches the snapshot 1`] = `
<PasswordPrompt__StyledDiv>
  <PasswordPrompt__PasswordFormCard>
    <defaultStyle__StyledForm
      onSubmit={[Function]}
    >
      <input
        aria-label="password input"
        autoComplete="current-password"
        className="true"
        minLength="6"
        onChange={[Function]}
        placeholder="Sheet Password"
        required={true}
        type="password"
        value=""
      />
      <defaultStyle__SubmitButton
        type="submit"
        value="Submit"
      >
        Submit
      </defaultStyle__SubmitButton>
    </defaultStyle__StyledForm>
  </PasswordPrompt__PasswordFormCard>
  <defaultStyle__ErrorDialog
    className="true"
  >
    ⚠️ Incorrect Password Provided
  </defaultStyle__ErrorDialog>
</PasswordPrompt__StyledDiv>
`;
