// Jest Snapshot v1, https://goo.gl/fbAQLP

exports[`Filedrop matches the snapshot 1`] = `
<Filedrop>
  <section>
    <Filedrop__StyledDropzone
      accept="text/csv"
      maxSize={5000000}
      minSize={1}
      multiple={false}
      onDragEnter={[Function]}
      onDragLeave={[Function]}
    >
      <t
        accept="text/csv"
        className="Filedrop__StyledDropzone-zvfrty-0 byxFEd"
        disableClick={false}
        disablePreview={false}
        disabled={false}
        getDataTransferItems={[Function]}
        inputProps={Object {}}
        maxSize={5000000}
        minSize={1}
        multiple={false}
        onDragEnter={[Function]}
        onDragLeave={[Function]}
        preventDropOnDocument={true}
      >
        <div
          aria-disabled={false}
          className="Filedrop__StyledDropzone-zvfrty-0 byxFEd"
          onClick={[Function]}
          onDragEnter={[Function]}
          onDragLeave={[Function]}
          onDragOver={[Function]}
          onDragStart={[Function]}
          onDrop={[Function]}
          style={
            Object {
              "position": "relative",
            }
          }
        >
          <img
            alt="upload-cloud-logo"
            src="./assets/images/upload-cloud-light.svg"
          />
          <Filedrop__StyledText
            dragging={false}
          >
            <defaultStyle
              className="Filedrop__StyledText-zvfrty-1 blmkpl"
              dragging={false}
            >
              <div
                className="Filedrop__StyledText-zvfrty-1 blmkpl defaultStyle-sc-1afhot-0 iywwUC"
              >
                Drag
                 CSV file here
              </div>
            </defaultStyle>
          </Filedrop__StyledText>
          <input
            accept="text/csv"
            autoComplete="off"
            disabled={false}
            multiple={false}
            onChange={[Function]}
            style={
              Object {
                "bottom": 0,
                "left": 0,
                "opacity": 0.00001,
                "pointerEvents": "none",
                "position": "absolute",
                "right": 0,
                "top": 0,
              }
            }
            type="file"
          />
        </div>
      </t>
    </Filedrop__StyledDropzone>
    <Filedrop__Options>
      <div
        className="Filedrop__Options-zvfrty-2 cojLYi"
      >
        <label>
          Expires In:
          <select
            onChange={[Function]}
          >
            <option
              value={4}
            >
              4 Hours
            </option>
            <option
              value={8}
            >
              8 Hours
            </option>
            <option
              value={24}
            >
              1 Day
            </option>
            <option
              value={72}
            >
              3 Days
            </option>
            <option
              value={120}
            >
              5 Days
            </option>
          </select>
        </label>
        <Filedrop__HeaderToggle>
          <label
            className="Filedrop__HeaderToggle-zvfrty-3 kPurdV"
          >
            <span>
              First Row Header:
            </span>
            <button
              onClick={[Function]}
            >
              No
            </button>
          </label>
        </Filedrop__HeaderToggle>
      </div>
    </Filedrop__Options>
  </section>
</Filedrop>
`;
