// Jest Snapshot v1, https://goo.gl/fbAQLP

exports[`Filedrop matches the snapshot 1`] = `
<section
  style={
    Object {
      "height": "calc(100vh - 100px)",
    }
  }
>
  <Filedrop__StyledDropzone
    accept="text/csv"
    dragging={false}
    maxSize={5000000}
    minSize={1}
    multiple={false}
    onDragEnter={[Function]}
    onDragLeave={[Function]}
    onDrop={[Function]}
  >
    <Filedrop__StyledText>
      Drag
       CSV file here
    </Filedrop__StyledText>
  </Filedrop__StyledDropzone>
</section>
`;
