// Jest Snapshot v1, https://goo.gl/fbAQLP

exports[`RestExample matches the snapshot 1`] = `
<defaultStyle__ApiCard>
  <span
    className="pill"
  >
    REST API:
  </span>
  <a
    href="mockHost.com/api/sheet/42"
    target="_blank"
  >
    mockHost.com
    /api/sheet/
    42
  </a>
</defaultStyle__ApiCard>
`;
