// Jest Snapshot v1, https://goo.gl/fbAQLP

exports[`Footer matches the snapshot 1`] = `
<IllustratedStep__StyledSection>
  <img
    alt="illustration"
    width="180"
  />
  <header>
    <h2>
      <span
        className="step"
      />
       
    </h2>
  </header>
  <p />
</IllustratedStep__StyledSection>
`;
