// Jest Snapshot v1, https://goo.gl/fbAQLP

exports[`UploadPage matches the snapshot 1`] = `
<UploadPage__StyledDiv>
  <Filedrop />
  <UploadPage__StyledForm
    disableSubmit={false}
    onSubmit={[Function]}
  >
    <label>
      Expires In:
      <select
        onChange={[Function]}
        value={72}
      >
        <option
          value={4}
        >
          4 Hours
        </option>
        <option
          value={8}
        >
          8 Hours
        </option>
        <option
          value={24}
        >
          1 Day
        </option>
        <option
          value={72}
        >
          3 Days
        </option>
        <option
          value={120}
        >
          5 Days
        </option>
      </select>
    </label>
    <input
      disabled={false}
      type="submit"
      value="Upload File"
    />
  </UploadPage__StyledForm>
</UploadPage__StyledDiv>
`;
